%%info_test_name{P:/L/GitHubDomenico/China/ImportApps/test/import.excelstatement.agriculturalbank.test.js}
%%info_test_app{Banana90}{9.0.0.171128}
%%info_test_os{Windows 10 (10.0)}
%%info_test_qt{5.9.3}
%%info_test_date{2017-12-01}{10:08:19.823}
\documentclass{report}
\usepackage{color}
\usepackage{adjustbox}
\begin{document}
\newenvironment{tablevalue}[2]
   {\textbf{Table: #1}\\\begin{adjustbox}{max width=\textwidth}\tabular{#2}}
   {\endtabular\end{adjustbox}}\newenvironment{reportvalue}[1]{\textbf{Report: #1}\\}{\\}
\newcommand{\info}[2]{\textit{#1: #2}\\}
\newcommand{\fatalerror}[1]{\textbf{\textcolor[rgb]{1,0,0}{Fatal error: #1}}\\}
\newcommand{\keyvalue}[2]{\textbf{Keyvalue: #1} #2\\}
\newcommand{\excltest}[1]{#1}}
%Begin test data
\begin{testcase}{ImportExcelCsvPingabankTest}
\begin{test}{testImport}
\keyvalue{key1}{test2}
%Test vImportExcelCsvPingabankTest
\begin{reportvalue}{Report converted text}
\begin{tabular}{ l  l  l  l }
Date  & Description  & Income  & Expenses \\
2016-01-07  & .  & 0.00  & 0.00 \\
2016-01-18  & 往来结算款　　　　　　　　　　　　　　　　　　　　　　　　　　　　　.  & 500.00  & 0.00 \\
2016-01-18  & 往来款.  & 0.00  & 500.00 \\
2016-01-18  & 往来款　　　　　　　　　　　　　　　　　　　　　　　　　　　　　　　.  & 10100000.00  & 0.00 \\
2016-01-19  & 收款行HASEHKHH.  & 0.00  & 10002168.00 \\
2016-01-25  & 网银年费.  & 0.00  & 800.00 \\
2016-01-25  & 交易费.  & 0.00  & 5.00 \\
\end{tabular}

\end{reportvalue}
\keyvalue{Result}{Passed}
%%info_test_time_elapsed{00:00:00.047}
\end{test}
%%info_test_time_elapsed{00:00:00.047}
\end{testcase}
%%info_test_time_elapsed{00:00:00.282}
\end{document}
